[     174ms] [INFO] %cDownload the React DevTools for a better development experience: https://react.dev/link/react-devtools font-weight:bold @ http://localhost:5173/node_modules/.vite/deps/react-dom_client.js?v=f4c9e05e:20102
[   96860ms] [ERROR] React has detected a change in the order of Hooks called by %s. This will lead to bugs and errors if not fixed. For more information, read the Rules of Hooks: https://react.dev/link/rules-of-hooks

   Previous render            Next render
   ------------------------------------------------------
%s   ^^^^^^^^^^^^^^^^^^^^^^^^^^^^^^^^^^^^^^^^^^^^^^^^^^^^^^
 EditTaskModal 1. useCallback                useCallback
2. useCallback                useCallback
3. useSyncExternalStore       useSyncExternalStore
4. useDebugValue              useDebugValue
5. useCallback                useCallback
6. useCallback                useCallback
7. useSyncExternalStore       useSyncExternalStore
8. useDebugValue              useDebugValue
9. undefined                  useState
 @ http://localhost:5173/node_modules/.vite/deps/react-dom_client.js?v=f4c9e05e:5593
[   96887ms] Error: Rendered more hooks than during the previous render.
    at updateWorkInProgressHook (http://localhost:5173/node_modules/.vite/deps/react-dom_client.js?v=f4c9e05e:5792:19)
    at updateReducer (http://localhost:5173/node_modules/.vite/deps/react-dom_client.js?v=f4c9e05e:5886:20)
    at Object.useState (http://localhost:5173/node_modules/.vite/deps/react-dom_client.js?v=f4c9e05e:18996:20)
    at exports.useState (http://localhost:5173/node_modules/.vite/deps/chunk-EMAOOZFV.js?v=f4c9e05e:959:36)
    at EditTaskModal (http://localhost:5173/src/components/GTDView.tsx?t=1782206183425:705:29)
    at Object.react_stack_bottom_frame (http://localhost:5173/node_modules/.vite/deps/react-dom_client.js?v=f4c9e05e:18509:20)
    at renderWithHooks (http://localhost:5173/node_modules/.vite/deps/react-dom_client.js?v=f4c9e05e:5654:24)
    at updateFunctionComponent (http://localhost:5173/node_modules/.vite/deps/react-dom_client.js?v=f4c9e05e:7475:21)
    at beginWork (http://localhost:5173/node_modules/.vite/deps/react-dom_client.js?v=f4c9e05e:8525:20)
    at runWithFiberInDEV (http://localhost:5173/node_modules/.vite/deps/react-dom_client.js?v=f4c9e05e:997:72)
[   96887ms] [WARNING] %s

%s
 An error occurred in the <EditTaskModal> component. Consider adding an error boundary to your tree to customize error handling behavior.
Visit https://react.dev/link/error-boundaries to learn more about error boundaries. @ http://localhost:5173/node_modules/.vite/deps/react-dom_client.js?v=f4c9e05e:6965
